01-21 00:13:01.729   274  3178 I [Gralloc]: usage1: 0xf02, format: 1 stride: 720 vertical_stride: 1280 size: 3686400
01-21 00:13:01.732  1318  1388 D GraphicBuffer: register, handle(0x9784a280) (w:720 h:1280 s:720 f:0x1 u:f02)
01-21 00:13:01.736   279   279 E DumpTunnel: finding regDump() failed
01-21 00:13:01.736   279   279 I BufferQueueConsumer: [unnamed-279-262](this:0xb1110000,id:262,api:0,p:-1,c:279) setConsumerName: unnamed-279-262
01-21 00:13:01.736   279   279 I BufferQueueConsumer: [Splash Screen co.median.android.nmmzmok#0](this:0xb1110000,id:262,api:0,p:-1,c:279) setConsumerName: Splash Screen co.median.android.nmmzmok#0
01-21 00:13:01.736   279   279 I BufferQueueProducer: [](this:0xb1110000,id:262,api:0,p:-1,c:279) setMaxDequeuedBufferCount: maxDequeuedBuffers = 2
01-21 00:13:01.744   274  3178 I vendor.mediatek.hardware.power@1.1-impl: mtkPowerHint hint:11, data:2000
01-21 00:13:01.745   634   733 D Surface : Surface::connect(this=0x9267f800,api=2)
01-21 00:13:01.747   274  3178 I [Gralloc]: usage1: 0x933, format: 1 stride: 720 vertical_stride: 1280 size: 3686400
01-21 00:13:01.748   274  3178 D vndksupport: Loading /vendor/lib/hw/gralloc.mt6580.so from current namespace instead of sphal namespace.
01-21 00:13:01.752   274   461 I vendor.mediatek.hardware.power@1.1-impl: mtkPowerHint hint:10, data:2000
01-21 00:13:01.754   634   679 D DuraSpeed/DSPolicyBase: [setCurrentLauncher] = com.android.launcher3
01-21 00:13:01.755   634   733 D GraphicBuffer: register, handle(0x98203600) (w:720 h:1280 s:720 f:0x1 u:933)
01-21 00:13:01.759   265  2143 D AudioALSAHardwareResourceManager: -startOutputDevice(), mOutputDevices = 0x2, mStartOutputDevicesCount = 1
01-21 00:13:01.759   265  2143 D AudioVoiceUIDL: [GetSRCInputParameter] mOutputSampleRate 16000,  mInputSampleRate 48000, mInChannel 2, mOutChannel, 0 format 1
01-21 00:13:01.760   265  2143 D AudioVoiceUIDL: [GetSRCInputParameter] create SRC handle fail
01-21 00:13:01.760   265  2143 D AudioALSAPlaybackHandlerNormal: -open()
01-21 00:13:01.763   265  2143 D AudioMTKFilter: AudioMTKFilter::start() type 0 mode 8 bFirstDataWrite 0
01-21 00:13:01.763   265  2143 D MtkAudioLoud: setWorkMode(), chNum 2, sampleRate 48000, workMode 8 RampupEnable 1
01-21 00:13:01.764   265  2143 D MtkAudioLoud: setParameter 376 mInitParam.Initial_State 2
01-21 00:13:01.764   265  2143 D MtkAudioLoud: +open()
01-21 00:13:01.764   265  2143 D MtkAudioLoud: -open() result 0
01-21 00:13:01.764   634   679 D DuraSpeed/AWSManager: [setCurrentLauncher] = com.android.launcher3
01-21 00:13:01.764   634   679 D DuraSpeed/DuraSpeedInternalManager: switchState currentPackage = co.median.android.nmmzmok, event =1004
01-21 00:13:01.765   634   679 D DuraSpeed/DuraSpeedInternalManager: skip doSuppression
01-21 00:13:01.766   634   679 D DuraSpeed/DuraSpeedInternalManager: switchState end
01-21 00:13:01.779   634   920 I ActivityManager: Start proc 7897:co.median.android.nmmzmok/u0a75 for activity co.median.android.nmmzmok/co.median.android.LaunchActivity
01-21 00:13:01.830   634   920 V WindowManager: Set focused app to: AppWindowToken{c26ccfd token=Token{a826e8e ActivityRecord{6079e89 
u0 co.median.android.nmmzmok/co.median.android.LaunchActivity t380}}} old focus=AppWindowToken{dcf59a8 token=Token{421dff4 ActivityRecord{f317306 u0 com.android.launcher3/.Launcher t342}}} moveFocusNow=true
01-21 00:13:01.831   634   920 V WindowManager: Changing focus from Window{ec1ce1a u0 com.android.launcher3/com.android.launcher3.Launcher} to null Callers=com.android.server.wm.WindowManagerService.setFocusedApp:2772 com.android.server.am.ActivityManagerService.setResumedActivityUncheckLocked:3269 com.android.server.am.ActivityStack.setResumedActivityLocked:2284 com.android.server.am.ActivityStack.minimalResumeActivityLocked:1093
01-21 00:13:01.832   634   920 D WindowManager: Input focus has changed to null
01-21 00:13:01.848   274   461 I vendor.mediatek.hardware.power@1.1-impl: notifyAppState pack:co.median.android.nmmzmok, act:co.median.android.LaunchActivity, pid:7897, state:1
01-21 00:13:01.850   274   293 D powerd  : [powerd_req] POWER_MSG_NOTIFY_STATE
01-21 00:13:01.850   274   293 I libPerfService: [perfNotifyAppState] foreground:co.median.android.nmmzmok, pid:7897
01-21 00:13:01.852   634   675 I WindowManager: Focus moving from Window{ec1ce1a u0 com.android.launcher3/com.android.launcher3.Launcher} to null
01-21 00:13:01.854   274   293 E libPerfService: Could not open '/proc/driver/thermal/ta_fg_pid'
01-21 00:13:01.854   274   293 E libPerfService: error : 2, No such file or directory
01-21 00:13:01.854   274   293 E libPerfService: Could not open '/sys/module/ged/parameters/gx_top_app_pid'
01-21 00:13:01.854   274   293 E libPerfService: error : 2, No such file or directory
01-21 00:13:01.854   274   293 I libPerfService: perfUserGetCapability - cmd:7, id:0, val:-1
01-21 00:13:01.863   790   790 D StatusBar: setSystemUiVisibility vis=a618 mask=ffffffff oldVal=a718 newVal=a618 diff=100
01-21 00:13:01.867  1318  1388 E [EGL-ERROR]: __egl_platform_cancel_buffers:644: surface->num_buffers(4)
01-21 00:13:01.867  1318  1388 D Surface : Surface::disconnect(this=0x97564800,api=1)
01-21 00:13:01.868  1318  1388 D GraphicBuffer: unregister, handle(0x9784a280) (w:720 h:1280 s:720 f:0x1 u:f02)
01-21 00:13:01.868  1318  1388 D GraphicBuffer: unregister, handle(0x97849800) (w:720 h:1280 s:720 f:0x1 u:f02)
01-21 00:13:01.868  1318  1388 D GraphicBuffer: unregister, handle(0x97848480) (w:720 h:1280 s:720 f:0x1 u:f02)
01-21 00:13:01.869  1318  1388 D GraphicBuffer: unregister, handle(0x978495c0) (w:720 h:1280 s:720 f:0x1 u:f02)
01-21 00:13:01.898  7897  7897 I MultiDex: VM with version 2.1.0 has multidex support
01-21 00:13:01.898  7897  7897 I MultiDex: Installing application
01-21 00:13:01.898  7897  7897 I MultiDex: VM has multidex support, MultiDex support library is disabled.
01-21 00:13:01.915   279   444 I SurfaceFlinger: EventThread Client Pid (7897) created
01-21 00:13:01.916   279   444 I SurfaceFlinger: EventThread Client Pid (7897) created
01-21 00:13:01.938   318   436 D APM_AudioPolicyManager: stopOutput() output 13, stream 1, session 49
01-21 00:13:01.938   318   436 V APM::AudioOutputDescriptor: changeRefCount() stream 1, count 0
01-21 00:13:01.991  7897  7897 D AndroidRuntime: Shutting down VM
01-21 00:13:01.992  7897  7897 E AndroidRuntime: FATAL EXCEPTION: main
01-21 00:13:01.992  7897  7897 E AndroidRuntime: Process: co.median.android.nmmzmok, PID: 7897
01-21 00:13:01.992  7897  7897 E AndroidRuntime: java.lang.RuntimeException: Unable to create application co.median.android.GoNativeApplication: java.lang.NullPointerException: Attempt to invoke interface method 'java.util.Iterator java.util.List.iterator()' on a null object reference
01-21 00:13:01.992  7897  7897 E AndroidRuntime:        at android.app.ActivityThread.handleBindApplication(ActivityThread.java:5784) 
01-21 00:13:01.992  7897  7897 E AndroidRuntime:        at android.app.ActivityThread.-wrap1(Unknown Source:0)
01-21 00:13:01.992  7897  7897 E AndroidRuntime:        at android.app.ActivityThread$H.handleMessage(ActivityThread.java:1690)       
01-21 00:13:01.992  7897  7897 E AndroidRuntime:        at android.os.Handler.dispatchMessage(Handler.java:106)
01-21 00:13:01.992  7897  7897 E AndroidRuntime:        at android.os.Looper.loop(Looper.java:164)
01-21 00:13:01.992  7897  7897 E AndroidRuntime:        at android.app.ActivityThread.main(ActivityThread.java:6548)
01-21 00:13:01.992  7897  7897 E AndroidRuntime:        at java.lang.reflect.Method.invoke(Native Method)
01-21 00:13:01.992  7897  7897 E AndroidRuntime:        at com.android.internal.os.RuntimeInit$MethodAndArgsCaller.run(RuntimeInit.java:438)
01-21 00:13:01.992  7897  7897 E AndroidRuntime:        at com.android.internal.os.ZygoteInit.main(ZygoteInit.java:864)
01-21 00:13:01.992  7897  7897 E AndroidRuntime: Caused by: java.lang.NullPointerException: Attempt to invoke interface method 'java.util.Iterator java.util.List.iterator()' on a null object reference
01-21 00:13:01.992  7897  7897 E AndroidRuntime:        at i0.T.b(SourceFile:242)
01-21 00:13:01.992  7897  7897 E AndroidRuntime:        at co.median.android.F.d(SourceFile:9)
01-21 00:13:01.992  7897  7897 E AndroidRuntime:        at co.median.android.GoNativeApplication.onCreate(SourceFile:75)
01-21 00:13:01.992  7897  7897 E AndroidRuntime:        at android.app.Instrumentation.callApplicationOnCreate(Instrumentation.java:1119)
01-21 00:13:01.992  7897  7897 E AndroidRuntime:        at android.app.ActivityThread.handleBindApplication(ActivityThread.java:5781) 
01-21 00:13:01.992  7897  7897 E AndroidRuntime:        ... 8 more
01-21 00:13:01.994  7897  7912 D NetworkSecurityConfig: Using Network Security Config from resource network_security_config debugBuild: false
01-21 00:13:02.000   634   920 W ActivityManager:   Force finishing activity co.median.android.nmmzmok/co.median.android.LaunchActivity
01-21 00:13:02.006   274   461 I vendor.mediatek.hardware.power@1.1-impl: mtkPowerHint hint:11, data:2000
01-21 00:13:02.007   634  7913 W AES     : Exception Log handling...
01-21 00:13:02.007   634  7913 W AES     : Skipped - do not care third party apk
01-21 00:13:02.010   634   679 D DuraSpeed/DSPolicyBase: [setCurrentLauncher] = com.android.launcher3
01-21 00:13:02.014   634   650 I ActivityManager: Showing crash dialog for package co.median.android.nmmzmok u0
01-21 00:13:02.024   634   679 D DuraSpeed/AWSManager: [setCurrentLauncher] = com.android.launcher3
01-21 00:13:02.025  7897  7912 I System.out: isEmailSend:POST
01-21 00:13:02.025   634   649 W BroadcastQueue: Background execution not allowed: receiving Intent { act=android.intent.action.DROPBOX_ENTRY_ADDED flg=0x10 (has extras) } to com.google.android.gms/.stats.service.DropBoxEntryAddedReceiver
01-21 00:13:02.027   634   679 D DuraSpeed/DuraSpeedInternalManager: switchState currentPackage = com.android.launcher3, event =1004
01-21 00:13:02.048  7897  7912 I System.out: port:443
01-21 00:13:02.064   634   650 D WindowClient: Add to mViews: DecorView@e9c57a2[nmmzmok], this = android.view.WindowManagerGlobal@7eaf5af
01-21 00:13:02.065   634   650 D ViewRootImpl[nmmzmok]: hardware acceleration = false , fakeHwAccelerated = false, sRendererDisabled = true, forceHwAccelerated = false, sSystemRendererDisabled = true
01-21 00:13:02.068   634   650 V WindowManager: Changing focus from null to Window{7377bf0 u0 Application Error: co.median.android.nmmzmok} Callers=com.android.server.wm.WindowManagerService.addWindow:1609 com.android.server.wm.Session.addToDisplay:202 android.view.ViewRootImpl.setView:735 android.view.WindowManagerGlobal.addView:359
01-21 00:13:02.071   634   650 D WindowManager: Input focus has changed to Window{7377bf0 u0 Application Error: co.median.android.nmmzmok}
01-21 00:13:02.074   634   675 I WindowManager: Focus moving from null to Window{7377bf0 u0 Application Error: co.median.android.nmmzmok}
01-21 00:13:02.099   279   279 E DumpTunnel: finding regDump() failed
01-21 00:13:02.100   279   279 I BufferQueueConsumer: [unnamed-279-263](this:0xb111e000,id:263,api:0,p:-1,c:279) setConsumerName: unnamed-279-263
01-21 00:13:02.100   279   279 I BufferQueueConsumer: [Application Error: co.median.android.nmmzmok#0](this:0xb111e000,id:263,api:0,p:-1,c:279) setConsumerName: Application Error: co.median.android.nmmzmok#0
01-21 00:13:02.100   279   279 I BufferQueueProducer: [](this:0xb111e000,id:263,api:0,p:-1,c:279) setMaxDequeuedBufferCount: maxDequeuedBuffers = 2
01-21 00:13:02.114   634   650 D Surface : Surface::connect(this=0x8fb7a800,api=2)
01-21 00:13:02.115   790   790 D StatusBar: setSystemUiVisibility vis=8018 mask=ffffffff oldVal=a618 newVal=8018 diff=2600
01-21 00:13:02.117   274   461 I [Gralloc]: usage1: 0x933, format: 1 stride: 816 vertical_stride: 557 size: 1818048
01-21 00:13:02.118   274   461 D vndksupport: Loading /vendor/lib/hw/gralloc.mt6580.so from current namespace instead of sphal namespace.
01-21 00:13:02.121   634   650 D GraphicBuffer: register, handle(0x982039c0) (w:812 h:557 s:816 f:0x1 u:933)
01-21 00:13:02.141   274   461 I [Gralloc]: usage1: 0x933, format: 1 stride: 816 vertical_stride: 557 size: 1818048
01-21 00:13:02.142   274   461 D vndksupport: Loading /vendor/lib/hw/gralloc.mt6580.so from current namespace instead of sphal namespace.
01-21 00:13:02.151   634   679 D DuraSpeed/DSPolicyFactory: Application = com.android.launcher3 (50MB), FreeMemory = 497MB
01-21 00:13:02.158   634   650 D GraphicBuffer: register, handle(0x98203a80) (w:812 h:557 s:816 f:0x1 u:933)
01-21 00:13:02.183   790   790 D StatusBar: setSystemUiVisibility vis=8008 mask=ffffffff oldVal=8018 newVal=8008 diff=10
01-21 00:13:02.256   790   790 D NetworkController.WifiSignalController: Change in state from: connected=true,enabled=true,level=4,inetCondition=1,iconGroup=IconGroup(Wi-Fi Icons),activityIn=false,activityOut=false,rssi=-55,lastModified=01-21 12:12:45,ssid="Silvanus WiFi",isTransient=false
01-21 00:13:02.256   790   790 D NetworkController.WifiSignalController:        to: connected=true,enabled=true,level=4,inetCondition=1,iconGroup=IconGroup(Wi-Fi Icons),activityIn=true,activityOut=true,rssi=-55,lastModified=01-21 12:12:45,ssid="Silvanus WiFi",isTransient=false
01-21 00:13:02.294   634   679 V DuraSpeed/AWSManager: Killing process, pid:1422, (com.google.process.gservices), adj:902
01-21 00:13:02.295   634   679 V DuraSpeed/AWSManager: Killing process, pid:2444, (com.google.android.partnersetup), adj:900
01-21 00:13:02.295   634   679 V DuraSpeed/AWSManager: Killing process, pid:3143, (com.mediatek.engineermode), adj:904
01-21 00:13:02.295   634   679 V DuraSpeed/AWSManager: Killing process, pid:2667, (com.mediatek.duraspeed), adj:906
01-21 00:13:02.295   634   679 V DuraSpeed/AWSManager: Killing process, pid:1840, (com.sr.app:filedownloader), adj:800
01-21 00:13:02.295   634   679 V DuraSpeed/AWSManager: kill end[com.google.process.gservices, com.google.android.partnersetup, com.mediatek.engineermode, com.mediatek.duraspeed, com.sr.app:filedownloader]
01-21 00:13:02.295   634   679 V DuraSpeed/AWSManager: suppress start []
01-21 00:13:02.296   634   679 D DuraSpeed/DuraSpeedInternalManager: switchState end
01-21 00:13:02.470  7897  7912 I System.out: Check isMmsSendPdu
01-21 00:13:02.472  7897  7912 I System.out: [OkHttp] sendRequest>>
01-21 00:13:02.472  7897  7912 I System.out: [OkHttp] sendRequest<<
01-21 00:13:02.506   634   649 W ActivityManager: Activity pause timeout for ActivityRecord{6079e89 u0 co.median.android.nmmzmok/co.median.android.LaunchActivity t380 f}
01-21 00:13:02.515   634   733 D View    : [Warning] assignParent to null: this = DecorView@8d1c166[nmmzmok]
01-21 00:13:02.515   274   461 I vendor.mediatek.hardware.power@1.1-impl: mtkPowerHint hint:11, data:2000
01-21 00:13:02.516   634   733 D Surface : Surface::disconnect(this=0x9267f800,api=2)
01-21 00:13:02.517   634   733 D GraphicBuffer: unregister, handle(0x98203600) (w:720 h:1280 s:720 f:0x1 u:933)
01-21 00:13:02.517   634   679 D DuraSpeed/DSPolicyBase: [setCurrentLauncher] = com.android.launcher3
01-21 00:13:02.518   634   733 D WindowClient: Remove from mViews: DecorView@8d1c166[nmmzmok], this = android.view.WindowManagerGlobal@7eaf5af
01-21 00:13:02.519   634   649 V WindowManager: Set focused app to: AppWindowToken{dcf59a8 token=Token{421dff4 ActivityRecord{f317306 
u0 com.android.launcher3/.Launcher t342}}} old focus=AppWindowToken{c26ccfd token=Token{a826e8e ActivityRecord{6079e89 u0 co.median.android.nmmzmok/co.median.android.LaunchActivity t380}}} moveFocusNow=true
01-21 00:13:02.520   274  3178 I vendor.mediatek.hardware.power@1.1-impl: notifyAppState pack:com.android.launcher3, act:com.android.launcher3.Launcher, pid:1318, state:1
01-21 00:13:02.520   274   293 D powerd  : [powerd_req] POWER_MSG_NOTIFY_STATE
01-21 00:13:02.520   274   293 I libPerfService: [perfNotifyAppState] foreground:com.android.launcher3, pid:1318
01-21 00:13:02.520   634   679 D DuraSpeed/AWSManager: [setCurrentLauncher] = com.android.launcher3
01-21 00:13:02.520   634   679 D DuraSpeed/DuraSpeedInternalManager: switchState currentPackage = com.android.launcher3, event =1004  
01-21 00:13:02.516   274   274 I merged_hal_serv: type=1400 audit(0.0:529): avc: denied { search } for name="thermal" dev="proc" ino=4026533567 scontext=u:r:merged_hal_service:s0 tcontext=u:object_r:proc_thermal:s0 tclass=dir permissive=1
01-21 00:13:02.521   274   293 E libPerfService: Could not open '/proc/driver/thermal/ta_fg_pid'
01-21 00:13:02.521   274   293 E libPerfService: error : 2, No such file or directory
01-21 00:13:02.521   274   293 E libPerfService: Could not open '/sys/module/ged/parameters/gx_top_app_pid'
01-21 00:13:02.521   274   293 E libPerfService: error : 2, No such file or directory
01-21 00:13:02.521   274   293 I libPerfService: perfUserGetCapability - cmd:7, id:0, val:-1
01-21 00:13:02.550   634  4687 I WindowManager: Relayout Window{ec1ce1a u0 com.android.launcher3/com.android.launcher3.Launcher}: oldVis=8 newVis=0 focusMayChange = true
01-21 00:13:02.568  1318  1388 D Surface : Surface::connect(this=0x97564800,api=1)
01-21 00:13:02.568  1318  1318 D Surface : Surface::allocateBuffers(this=0x97564800)
01-21 00:13:02.570   274   461 I [Gralloc]: usage1: 0x900, format: 1 stride: 720 vertical_stride: 1280 size: 3686400
01-21 00:13:02.571   274   461 I [Gralloc]: usage1: 0x900, format: 1 stride: 720 vertical_stride: 1280 size: 3686400
01-21 00:13:02.573   274  3178 I [Gralloc]: usage1: 0x900, format: 1 stride: 720 vertical_stride: 1280 size: 3686400
01-21 00:13:02.575   274  3178 I [Gralloc]: usage1: 0x900, format: 1 stride: 720 vertical_stride: 1280 size: 3686400
01-21 00:13:02.577  1318  1388 D Surface : Surface::setBufferCount(this=0x97564800,bufferCount=4)
01-21 00:13:02.578   279   583 I BufferQueueProducer: [com.android.launcher3/com.android.launcher3.Launcher#0](this:0xb1109000,id:257,api:1,p:1318,c:279) setMaxDequeuedBufferCount: maxDequeuedBuffers = 3
01-21 00:13:02.580  1318  1318 V PhoneWindow: DecorView setVisiblity: visibility = 0, Parent = ViewRoot{3832407 com.android.launcher3/com.android.launcher3.Launcher,ident = 0}, this = DecorView@1473621[Launcher]
01-21 00:13:02.598   634   679 D DuraSpeed/DSPolicyFactory: Application = com.android.launcher3 (50MB), FreeMemory = 496MB
01-21 00:13:02.612   279   583 W GrallocMapperPassthrough: buffer descriptor with invalid usage bits 0x400
01-21 00:13:02.612   274  3178 I [Gralloc]: usage1: 0xf02, format: 1 stride: 720 vertical_stride: 1280 size: 3686400
01-21 00:13:02.616  1318  1388 D GraphicBuffer: register, handle(0x97848480) (w:720 h:1280 s:720 f:0x1 u:f02)
01-21 00:13:02.618   274  3178 I vendor.mediatek.hardware.power@1.1-impl: PowerHint hint:8, data:0
01-21 00:13:02.624   634  2653 D IdleScreen: activityIdleScreen: android.app.ContextImpl@b10530a mNotifyNeeded: false idleIntent: Intent { act=android.intent.action.MAIN cat=[android.intent.category.HOME] flg=0x10000100 cmp=com.android.launcher3/.Launcher }
01-21 00:13:02.625   274  3178 I vendor.mediatek.hardware.power@1.1-impl: mtkPowerHint hint:11, data:0
01-21 00:13:02.626   274   293 I libPerfService: 11: legacy set: 2 -1
01-21 00:13:02.626   274   293 I libPerfService: 11: legacy set freq: -1 -1
01-21 00:13:02.627   274  3178 I vendor.mediatek.hardware.power@1.1-impl: mtkPowerHint hint:10, data:0
01-21 00:13:02.661   634   679 V DuraSpeed/AWSManager: Killing process, pid:1422, (com.google.process.gservices), adj:902
01-21 00:13:02.662   634   679 V DuraSpeed/AWSManager: Killing process, pid:2444, (com.google.android.partnersetup), adj:900
01-21 00:13:02.662   634   679 V DuraSpeed/AWSManager: Killing process, pid:3143, (com.mediatek.engineermode), adj:904
01-21 00:13:02.663   634   679 V DuraSpeed/AWSManager: Killing process, pid:2667, (com.mediatek.duraspeed), adj:906
01-21 00:13:02.663   634   679 V DuraSpeed/AWSManager: Killing process, pid:1840, (com.sr.app:filedownloader), adj:800
01-21 00:13:02.663   634   679 V DuraSpeed/AWSManager: kill end[com.google.process.gservices, com.google.android.partnersetup, com.mediatek.engineermode, com.mediatek.duraspeed, com.sr.app:filedownloader]
01-21 00:13:02.663   634   679 V DuraSpeed/AWSManager: suppress start []
01-21 00:13:02.664   634   679 D DuraSpeed/DuraSpeedInternalManager: switchState end
01-21 00:13:02.729   279   279 I DisplayDevice: [Built-in Screen (type:0)] fps:53.269699,dur:1013.71,max:55.14,min:14.13
01-21 00:13:02.821  1135  7806 I NearbyMediums: No BLE Fast/GATT advertisements found in the latest cycle.
01-21 00:13:02.821  1135  7806 I NearbyMediums: Current Tracked Scanning Clients are : {NearbyConnections.EnvironmentMonitor, NearbySharing}
01-21 00:13:03.145  1318  1388 W OpenGLRenderer: Incorrectly called buildLayer on View: ShortcutAndWidgetContainer, destroying layer...
01-21 00:13:03.145  1318  1388 W OpenGLRenderer: Incorrectly called buildLayer on View: ShortcutAndWidgetContainer, destroying layer...
01-21 00:13:03.146   279   445 W GrallocMapperPassthrough: buffer descriptor with invalid usage bits 0x400
01-21 00:13:03.146   274  3178 I [Gralloc]: usage1: 0xf02, format: 1 stride: 720 vertical_stride: 1280 size: 3686400
01-21 00:13:03.151  1318  1388 D GraphicBuffer: register, handle(0x978495c0) (w:720 h:1280 s:720 f:0x1 u:f02)
01-21 00:13:04.248   790   790 D NetworkController.WifiSignalController: Change in state from: connected=true,enabled=true,level=4,inetCondition=1,iconGroup=IconGroup(Wi-Fi Icons),activityIn=true,activityOut=true,rssi=-55,lastModified=01-21 12:13:02,ssid="Silvanus WiFi",isTransient=false
01-21 00:13:04.248   790   790 D NetworkController.WifiSignalController:        to: connected=true,enabled=true,level=4,inetCondition=1,iconGroup=IconGroup(Wi-Fi Icons),activityIn=false,activityOut=false,rssi=-55,lastModified=01-21 12:13:02,ssid="Silvanus WiFi",isTransient=false
01-21 00:13:04.282   279   279 I DisplayDevice: [Built-in Screen (type:0)] fps:12.231965,dur:1553.31,max:1102.77,min:16.89
01-21 00:13:04.601   634   757 D WifiStateMachine:  MtkL2ConnectedState { when=-2ms what=131155 arg1=12 target=com.android.internal.util.StateMachine$SmHandler } 12 0, mShouldDeferDisableWifi = false, mWaitForWfcNotify = false
01-21 00:13:04.912   265   532 D AudioALSAStreamOut: standby()
01-21 00:13:04.913   265   532 D AudioALSAStreamOut: standbyStreamOut()
01-21 00:13:04.913   265   532 D AudioALSAStreamOut: close(), flags 6, mMixerOutInUse 0
01-21 00:13:04.913   265   532 D AudioALSAPlaybackHandlerNormal: +close()
01-21 00:13:04.913   265   532 D AudioVoiceUIDL: [SetInputStandBy] ReadRefFromRing to exit? (0)
01-21 00:13:04.913   265   532 D AudioALSAHardwareResourceManager: +stopOutputDevice(), mOutputDevices = 0x2, mStartOutputDevicesCount = 1
01-21 00:13:04.913   265   532 D AudioALSADeviceConfigManager: ApplyDeviceTurnoffSequenceByName(), DeviceName = ext_speaker_output descriptor->DeviceStatusCounter = 1
01-21 00:13:04.914   265   532 D AudioALSADeviceConfigManager: ApplyDeviceTurnoffSequenceByName(), DeviceName = headphone_output descriptor->DeviceStatusCounter = 1
01-21 00:13:04.914   265   532 D AudioALSADriverUtility: GetPropertyValue key = af.resouce.extdac_support value = 0
01-21 00:13:04.914   265   532 D AudioALSAHardwareResourceManager: -stopOutputDevice(), mOutputDevices = 0x0, mStartOutputDevicesCount = 0
01-21 00:13:04.914   265   532 D AudioALSAPlaybackHandlerBase: +closePcmDriver(), mPcm = 0xa68a8b60
01-21 00:13:04.915   265   532 D AudioALSAPlaybackHandlerBase: -closePcmDriver(), mPcm = 0x0
01-21 00:13:04.915   265   532 D AudioALSAPlaybackHandlerNormal: SetLowJitterMode() bEanble = 0 SampleRate = 48000
01-21 00:13:04.915   265   532 D AudioALSADriverUtility: GetPropertyValue key = af.resouce.extdac_support value = 0
01-21 00:13:04.915   265   532 D AudioALSAPlaybackHandlerNormal: SetLowJitterMode(), bypass low jitter mode = 0
01-21 00:13:04.916   265   532 D AudioMTKFilter: AudioMTKFilter::stop() type 0 mode 8
01-21 00:13:04.916   265   532 D MtkAudioLoud: +close()
01-21 00:13:04.916   265   532 D MtkAudioLoud: -close()
01-21 00:13:04.916   265   532 D AudioALSAPlaybackHandlerBase: DeinitDataPending
01-21 00:13:04.916   265   532 D AudioALSAHardwareResourceManager: EnableAudBufClk(), bEanble = 0, mStartOutputDevicesCount 0
01-21 00:13:04.916   265   532 D AudioALSAPlaybackHandlerNormal: -close()
01-21 00:13:04.916   265   532 D AudioALSAStreamManager: +destroyPlaybackHandler(), mode = 0, pPlaybackHandler = 0xa518c280
01-21 00:13:04.916   265   532 D AudioALSAPlaybackHandlerNormal: ~AudioALSAPlaybackHandlerNormal()
01-21 00:13:04.916   265   532 D AudioALSAStreamManager: -destroyPlaybackHandler(), mPlaybackHandlerVector.size() = 0
01-21 00:13:04.917   265   532 D AudioALSAStreamOut: setMuteForRouting(), mute 0, flags 6
01-21 00:13:04.917   265   532 D AudioUtility: power_hal_hint - custPowerHint 0, data 0
01-21 00:13:04.918   274  3178 I vendor.mediatek.hardware.power@1.1-impl: mtkCusPowerHint hint:0, data:0
01-21 00:13:04.918   274   293 I powerd  : [powerd_req] POWER_MSG_MTK_CUS_HINT: hint:0, hdl:36, data:0
01-21 00:13:04.919   274   293 I libPerfService: 36: legacy set: -1 -1
01-21 00:13:05.961  7919  7919 E mxc4005xc:  memsic Open pointer device failed! -1
01-21 00:13:06.982   337   337 I thermal_repeater: [recvMdThermalInfo] ret=15, strLe